../STM32F103_C6_Drivers/STM32F103_C6_UART_Driver.c:48:6:MCAL_UART_Init	24	static
../STM32F103_C6_Drivers/STM32F103_C6_UART_Driver.c:115:6:MCAL_UART_DeInit	16	static
../STM32F103_C6_Drivers/STM32F103_C6_UART_Driver.c:125:6:MCAL_UART_TX	24	static
../STM32F103_C6_Drivers/STM32F103_C6_UART_Driver.c:166:6:MCAL_UART_WAIT	16	static
../STM32F103_C6_Drivers/STM32F103_C6_UART_Driver.c:172:6:MCAL_UART_RX	24	static
../STM32F103_C6_Drivers/STM32F103_C6_UART_Driver.c:263:6:MCAL_UART_GPIO_Init	24	static
../STM32F103_C6_Drivers/STM32F103_C6_UART_Driver.c:371:6:USART1_IRQHandler	8	static
../STM32F103_C6_Drivers/STM32F103_C6_UART_Driver.c:375:6:USART2_IRQHandler	8	static
../STM32F103_C6_Drivers/STM32F103_C6_UART_Driver.c:379:6:USART3_IRQHandler	8	static
