Archive member included to satisfy reference by file (symbol)

c:/st/stm32cubeide_1.4.0/stm32cubeide/plugins/com.st.stm32cube.ide.mcu.externaltools.gnu-tools-for-stm32.10.3-2021.10.win32_1.0.200.202301161003/tools/bin/../lib/gcc/arm-none-eabi/10.3.1/../../../../arm-none-eabi/lib/thumb/v7-m/nofp\libc_nano.a(lib_a-errno.o)
                              ./Src/syscalls.o (__errno)
c:/st/stm32cubeide_1.4.0/stm32cubeide/plugins/com.st.stm32cube.ide.mcu.externaltools.gnu-tools-for-stm32.10.3-2021.10.win32_1.0.200.202301161003/tools/bin/../lib/gcc/arm-none-eabi/10.3.1/../../../../arm-none-eabi/lib/thumb/v7-m/nofp\libc_nano.a(lib_a-exit.o)
                              c:/st/stm32cubeide_1.4.0/stm32cubeide/plugins/com.st.stm32cube.ide.mcu.externaltools.gnu-tools-for-stm32.10.3-2021.10.win32_1.0.200.202301161003/tools/bin/../lib/gcc/arm-none-eabi/10.3.1/../../../../arm-none-eabi/lib/thumb/v7-m/nofp/crt0.o (exit)
c:/st/stm32cubeide_1.4.0/stm32cubeide/plugins/com.st.stm32cube.ide.mcu.externaltools.gnu-tools-for-stm32.10.3-2021.10.win32_1.0.200.202301161003/tools/bin/../lib/gcc/arm-none-eabi/10.3.1/../../../../arm-none-eabi/lib/thumb/v7-m/nofp\libc_nano.a(lib_a-impure.o)
                              c:/st/stm32cubeide_1.4.0/stm32cubeide/plugins/com.st.stm32cube.ide.mcu.externaltools.gnu-tools-for-stm32.10.3-2021.10.win32_1.0.200.202301161003/tools/bin/../lib/gcc/arm-none-eabi/10.3.1/../../../../arm-none-eabi/lib/thumb/v7-m/nofp\libc_nano.a(lib_a-exit.o) (_global_impure_ptr)
c:/st/stm32cubeide_1.4.0/stm32cubeide/plugins/com.st.stm32cube.ide.mcu.externaltools.gnu-tools-for-stm32.10.3-2021.10.win32_1.0.200.202301161003/tools/bin/../lib/gcc/arm-none-eabi/10.3.1/../../../../arm-none-eabi/lib/thumb/v7-m/nofp\libc_nano.a(lib_a-init.o)
                              c:/st/stm32cubeide_1.4.0/stm32cubeide/plugins/com.st.stm32cube.ide.mcu.externaltools.gnu-tools-for-stm32.10.3-2021.10.win32_1.0.200.202301161003/tools/bin/../lib/gcc/arm-none-eabi/10.3.1/../../../../arm-none-eabi/lib/thumb/v7-m/nofp/crt0.o (__libc_init_array)
c:/st/stm32cubeide_1.4.0/stm32cubeide/plugins/com.st.stm32cube.ide.mcu.externaltools.gnu-tools-for-stm32.10.3-2021.10.win32_1.0.200.202301161003/tools/bin/../lib/gcc/arm-none-eabi/10.3.1/../../../../arm-none-eabi/lib/thumb/v7-m/nofp\libc_nano.a(lib_a-memset.o)
                              c:/st/stm32cubeide_1.4.0/stm32cubeide/plugins/com.st.stm32cube.ide.mcu.externaltools.gnu-tools-for-stm32.10.3-2021.10.win32_1.0.200.202301161003/tools/bin/../lib/gcc/arm-none-eabi/10.3.1/../../../../arm-none-eabi/lib/thumb/v7-m/nofp/crt0.o (memset)

Discarded input sections

 .text          0x0000000000000000        0x0 c:/st/stm32cubeide_1.4.0/stm32cubeide/plugins/com.st.stm32cube.ide.mcu.externaltools.gnu-tools-for-stm32.10.3-2021.10.win32_1.0.200.202301161003/tools/bin/../lib/gcc/arm-none-eabi/10.3.1/thumb/v7-m/nofp/crti.o
 .data          0x0000000000000000        0x0 c:/st/stm32cubeide_1.4.0/stm32cubeide/plugins/com.st.stm32cube.ide.mcu.externaltools.gnu-tools-for-stm32.10.3-2021.10.win32_1.0.200.202301161003/tools/bin/../lib/gcc/arm-none-eabi/10.3.1/thumb/v7-m/nofp/crti.o
 .bss           0x0000000000000000        0x0 c:/st/stm32cubeide_1.4.0/stm32cubeide/plugins/com.st.stm32cube.ide.mcu.externaltools.gnu-tools-for-stm32.10.3-2021.10.win32_1.0.200.202301161003/tools/bin/../lib/gcc/arm-none-eabi/10.3.1/thumb/v7-m/nofp/crti.o
 .data          0x0000000000000000        0x4 c:/st/stm32cubeide_1.4.0/stm32cubeide/plugins/com.st.stm32cube.ide.mcu.externaltools.gnu-tools-for-stm32.10.3-2021.10.win32_1.0.200.202301161003/tools/bin/../lib/gcc/arm-none-eabi/10.3.1/thumb/v7-m/nofp/crtbegin.o
 .rodata        0x0000000000000000       0x24 c:/st/stm32cubeide_1.4.0/stm32cubeide/plugins/com.st.stm32cube.ide.mcu.externaltools.gnu-tools-for-stm32.10.3-2021.10.win32_1.0.200.202301161003/tools/bin/../lib/gcc/arm-none-eabi/10.3.1/thumb/v7-m/nofp/crtbegin.o
 .text          0x0000000000000000       0x7c c:/st/stm32cubeide_1.4.0/stm32cubeide/plugins/com.st.stm32cube.ide.mcu.externaltools.gnu-tools-for-stm32.10.3-2021.10.win32_1.0.200.202301161003/tools/bin/../lib/gcc/arm-none-eabi/10.3.1/../../../../arm-none-eabi/lib/thumb/v7-m/nofp/crt0.o
 .data          0x0000000000000000        0x0 c:/st/stm32cubeide_1.4.0/stm32cubeide/plugins/com.st.stm32cube.ide.mcu.externaltools.gnu-tools-for-stm32.10.3-2021.10.win32_1.0.200.202301161003/tools/bin/../lib/gcc/arm-none-eabi/10.3.1/../../../../arm-none-eabi/lib/thumb/v7-m/nofp/crt0.o
 .bss           0x0000000000000000        0x0 c:/st/stm32cubeide_1.4.0/stm32cubeide/plugins/com.st.stm32cube.ide.mcu.externaltools.gnu-tools-for-stm32.10.3-2021.10.win32_1.0.200.202301161003/tools/bin/../lib/gcc/arm-none-eabi/10.3.1/../../../../arm-none-eabi/lib/thumb/v7-m/nofp/crt0.o
[...]
Memory Configuration

Name             Origin             Length             Attributes
RAM              0x0000000020000000 0x0000000000002800 xrw
ROM              0x0000000008000000 0x0000000000008000 xr
*default*        0x0000000000000000 0xffffffffffffffff

Linker script and memory map

LOAD c:/st/stm32cubeide_1.4.0/stm32cubeide/plugins/com.st.stm32cube.ide.mcu.externaltools.gnu-tools-for-stm32.10.3-2021.10.win32_1.0.200.202301161003/tools/bin/../lib/gcc/arm-none-eabi/10.3.1/thumb/v7-m/nofp/crti.o
LOAD c:/st/stm32cubeide_1.4.0/stm32cubeide/plugins/com.st.stm32cube.ide.mcu.externaltools.gnu-tools-for-stm32.10.3-2021.10.win32_1.0.200.202301161003/tools/bin/../lib/gcc/arm-none-eabi/10.3.1/thumb/v7-m/nofp/crtbegin.o
LOAD c:/st/stm32cubeide_1.4.0/stm32cubeide/plugins/com.st.stm32cube.ide.mcu.externaltools.gnu-tools-for-stm32.10.3-2021.10.win32_1.0.200.202301161003/tools/bin/../lib/gcc/arm-none-eabi/10.3.1/../../../../arm-none-eabi/lib/thumb/v7-m/nofp/crt0.o
LOAD ./HAL_Drivers/7_SEG.o
LOAD ./HAL_Drivers/keypad.o
LOAD ./HAL_Drivers/lcd.o
LOAD ./STM32F103_C6_Drivers/STM32F103_C6_EXTI_Driver.o
LOAD ./STM32F103_C6_Drivers/STM32F103_C6_GPIO_Driver.o
LOAD ./STM32F103_C6_Drivers/STM32F103_C6_RCC_Driver.o
LOAD ./STM32F103_C6_Drivers/STM32F103_C6_SPI_Driver.o
LOAD ./STM32F103_C6_Drivers/STM32F103_C6_UART_Driver.o
LOAD ./Src/main.o
LOAD ./Src/syscalls.o
LOAD ./Src/sysmem.o
LOAD ./Startup/startup_stm32f103c6tx.o
START GROUP
LOAD c:/st/stm32cubeide_1.4.0/stm32cubeide/plugins/com.st.stm32cube.ide.mcu.externaltools.gnu-tools-for-stm32.10.3-2021.10.win32_1.0.200.202301161003/tools/bin/../lib/gcc/arm-none-eabi/10.3.1/../../../../arm-none-eabi/lib/thumb/v7-m/nofp\libc_nano.a
LOAD c:/st/stm32cubeide_1.4.0/stm32cubeide/plugins/com.st.stm32cube.ide.mcu.externaltools.gnu-tools-for-stm32.10.3-2021.10.win32_1.0.200.202301161003/tools/bin/../lib/gcc/arm-none-eabi/10.3.1/../../../../arm-none-eabi/lib/thumb/v7-m/nofp\libm.a
END GROUP
START GROUP
LOAD c:/st/stm32cubeide_1.4.0/stm32cubeide/plugins/com.st.stm32cube.ide.mcu.externaltools.gnu-tools-for-stm32.10.3-2021.10.win32_1.0.200.202301161003/tools/bin/../lib/gcc/arm-none-eabi/10.3.1/thumb/v7-m/nofp\libgcc.a
LOAD c:/st/stm32cubeide_1.4.0/stm32cubeide/plugins/com.st.stm32cube.ide.mcu.externaltools.gnu-tools-for-stm32.10.3-2021.10.win32_1.0.200.202301161003/tools/bin/../lib/gcc/arm-none-eabi/10.3.1/../../../../arm-none-eabi/lib/thumb/v7-m/nofp\libg_nano.a
LOAD c:/st/stm32cubeide_1.4.0/stm32cubeide/plugins/com.st.stm32cube.ide.mcu.externaltools.gnu-tools-for-stm32.10.3-2021.10.win32_1.0.200.202301161003/tools/bin/../lib/gcc/arm-none-eabi/10.3.1/../../../../arm-none-eabi/lib/thumb/v7-m/nofp\libc_nano.a
END GROUP
START GROUP
LOAD c:/st/stm32cubeide_1.4.0/stm32cubeide/plugins/com.st.stm32cube.ide.mcu.externaltools.gnu-tools-for-stm32.10.3-2021.10.win32_1.0.200.202301161003/tools/bin/../lib/gcc/arm-none-eabi/10.3.1/thumb/v7-m/nofp\libgcc.a
LOAD c:/st/stm32cubeide_1.4.0/stm32cubeide/plugins/com.st.stm32cube.ide.mcu.externaltools.gnu-tools-for-stm32.10.3-2021.10.win32_1.0.200.202301161003/tools/bin/../lib/gcc/arm-none-eabi/10.3.1/../../../../arm-none-eabi/lib/thumb/v7-m/nofp\libc_nano.a
LOAD c:/st/stm32cubeide_1.4.0/stm32cubeide/plugins/com.st.stm32cube.ide.mcu.externaltools.gnu-tools-for-stm32.10.3-2021.10.win32_1.0.200.202301161003/tools/bin/../lib/gcc/arm-none-eabi/10.3.1/../../../../arm-none-eabi/lib/thumb/v7-m/nofp\libnosys.a
END GROUP
START GROUP
LOAD c:/st/stm32cubeide_1.4.0/stm32cubeide/plugins/com.st.stm32cube.ide.mcu.externaltools.gnu-tools-for-stm32.10.3-2021.10.win32_1.0.200.202301161003/tools/bin/../lib/gcc/arm-none-eabi/10.3.1/thumb/v7-m/nofp\libgcc.a
LOAD c:/st/stm32cubeide_1.4.0/stm32cubeide/plugins/com.st.stm32cube.ide.mcu.externaltools.gnu-tools-for-stm32.10.3-2021.10.win32_1.0.200.202301161003/tools/bin/../lib/gcc/arm-none-eabi/10.3.1/../../../../arm-none-eabi/lib/thumb/v7-m/nofp\libc_nano.a
LOAD c:/st/stm32cubeide_1.4.0/stm32cubeide/plugins/com.st.stm32cube.ide.mcu.externaltools.gnu-tools-for-stm32.10.3-2021.10.win32_1.0.200.202301161003/tools/bin/../lib/gcc/arm-none-eabi/10.3.1/../../../../arm-none-eabi/lib/thumb/v7-m/nofp\libnosys.a
END GROUP
LOAD c:/st/stm32cubeide_1.4.0/stm32cubeide/plugins/com.st.stm32cube.ide.mcu.externaltools.gnu-tools-for-stm32.10.3-2021.10.win32_1.0.200.202301161003/tools/bin/../lib/gcc/arm-none-eabi/10.3.1/thumb/v7-m/nofp/crtend.o
LOAD c:/st/stm32cubeide_1.4.0/stm32cubeide/plugins/com.st.stm32cube.ide.mcu.externaltools.gnu-tools-for-stm32.10.3-2021.10.win32_1.0.200.202301161003/tools/bin/../lib/gcc/arm-none-eabi/10.3.1/thumb/v7-m/nofp/crtn.o
                0x0000000020002800                _estack = (ORIGIN (RAM) + LENGTH (RAM))
                0x0000000000000200                _Min_Heap_Size = 0x200
                0x0000000000000400                _Min_Stack_Size = 0x400

.isr_vector     0x0000000008000000      0x130
                0x0000000008000000                . = ALIGN (0x4)
 *(.isr_vector)
 .isr_vector    0x0000000008000000      0x130 ./Startup/startup_stm32f103c6tx.o
                0x0000000008000000                g_pfnVectors
                0x0000000008000130                . = ALIGN (0x4)

.text           0x0000000008000130      0xc8c
                0x0000000008000130                . = ALIGN (0x4)
 *(.text)
 .text          0x0000000008000130       0x40 c:/st/stm32cubeide_1.4.0/stm32cubeide/plugins/com.st.stm32cube.ide.mcu.externaltools.gnu-tools-for-stm32.10.3-2021.10.win32_1.0.200.202301161003/tools/bin/../lib/gcc/arm-none-eabi/10.3.1/thumb/v7-m/nofp/crtbegin.o
 *(.text*)
 .text.EXTI0_IRQHandler
                0x0000000008000170       0x24 ./STM32F103_C6_Drivers/STM32F103_C6_EXTI_Driver.o
                0x0000000008000170                EXTI0_IRQHandler
 .text.EXTI1_IRQHandler
                0x0000000008000194       0x24 ./STM32F103_C6_Drivers/STM32F103_C6_EXTI_Driver.o
                0x0000000008000194                EXTI1_IRQHandler
 .text.EXTI2_IRQHandler
                0x00000000080001b8       0x24 ./STM32F103_C6_Drivers/STM32F103_C6_EXTI_Driver.o
                0x00000000080001b8                EXTI2_IRQHandler
 .text.EXTI3_IRQHandler
                0x00000000080001dc       0x24 ./STM32F103_C6_Drivers/STM32F103_C6_EXTI_Driver.o
                0x00000000080001dc                EXTI3_IRQHandler
 .text.EXTI4_IRQHandler
                0x0000000008000200       0x24 ./STM32F103_C6_Drivers/STM32F103_C6_EXTI_Driver.o
                0x0000000008000200                EXTI4_IRQHandler
 .text.EXTI9_5_IRQHandler
                0x0000000008000224       0xa8 ./STM32F103_C6_Drivers/STM32F103_C6_EXTI_Driver.o
                0x0000000008000224                EXTI9_5_IRQHandler
 .text.EXTI15_10_IRQHandler
                0x00000000080002cc       0xc4 ./STM32F103_C6_Drivers/STM32F103_C6_EXTI_Driver.o
                0x00000000080002cc                EXTI15_10_IRQHandler
 .text.GET_CRLH_POS
                0x0000000008000390      0x170 ./STM32F103_C6_Drivers/STM32F103_C6_GPIO_Driver.o
                0x0000000008000390                GET_CRLH_POS
 .text.MCAL_GPIO_INIT
                0x0000000008000500      0x11e ./STM32F103_C6_Drivers/STM32F103_C6_GPIO_Driver.o
                0x0000000008000500                MCAL_GPIO_INIT
 *fill*         0x000000000800061e        0x2 
 .text.MCAL_RCC_GET_SYSCLK
                0x0000000008000620       0x44 ./STM32F103_C6_Drivers/STM32F103_C6_RCC_Driver.o
                0x0000000008000620                MCAL_RCC_GET_SYSCLK
 .text.MCAL_RCC_GET_HCLK
                0x0000000008000664       0x2c ./STM32F103_C6_Drivers/STM32F103_C6_RCC_Driver.o
                0x0000000008000664                MCAL_RCC_GET_HCLK
 .text.MCAL_RCC_GET_PCLK1
                0x0000000008000690       0x28 ./STM32F103_C6_Drivers/STM32F103_C6_RCC_Driver.o
                0x0000000008000690                MCAL_RCC_GET_PCLK1
 .text.MCAL_RCC_GET_PCLK2
                0x00000000080006b8       0x28 ./STM32F103_C6_Drivers/STM32F103_C6_RCC_Driver.o
                0x00000000080006b8                MCAL_RCC_GET_PCLK2
 .text.SPI1_IRQHandler
                0x00000000080006e0       0x5c ./STM32F103_C6_Drivers/STM32F103_C6_SPI_Driver.o
                0x00000000080006e0                SPI1_IRQHandler
 .text.SPI2_IRQHandler
                0x000000000800073c       0x5c ./STM32F103_C6_Drivers/STM32F103_C6_SPI_Driver.o
                0x000000000800073c                SPI2_IRQHandler
 .text.MCAL_UART_Init
                0x0000000008000798      0x190 ./STM32F103_C6_Drivers/STM32F103_C6_UART_Driver.o
                0x0000000008000798                MCAL_UART_Init
 .text.MCAL_UART_TX
                0x0000000008000928       0xc4 ./STM32F103_C6_Drivers/STM32F103_C6_UART_Driver.o
                0x0000000008000928                MCAL_UART_TX
 .text.MCAL_UART_RX
                0x00000000080009ec      0x16c ./STM32F103_C6_Drivers/STM32F103_C6_UART_Driver.o
                0x00000000080009ec                MCAL_UART_RX
 .text.MCAL_UART_GPIO_Init
                0x0000000008000b58       0xc8 ./STM32F103_C6_Drivers/STM32F103_C6_UART_Driver.o
                0x0000000008000b58                MCAL_UART_GPIO_Init
 .text.USART1_IRQHandler
                0x0000000008000c20       0x14 ./STM32F103_C6_Drivers/STM32F103_C6_UART_Driver.o
                0x0000000008000c20                USART1_IRQHandler
 .text.USART2_IRQHandler
                0x0000000008000c34       0x14 ./STM32F103_C6_Drivers/STM32F103_C6_UART_Driver.o
                0x0000000008000c34                USART2_IRQHandler
 .text.USART3_IRQHandler
                0x0000000008000c48       0x14 ./STM32F103_C6_Drivers/STM32F103_C6_UART_Driver.o
                0x0000000008000c48                USART3_IRQHandler
 .text.clks     0x0000000008000c5c       0x40 ./Src/main.o
                0x0000000008000c5c                clks
 .text.UART_IRQ_CallBack
                0x0000000008000c9c       0x24 ./Src/main.o
                0x0000000008000c9c                UART_IRQ_CallBack
 .text.main     0x0000000008000cc0       0x48 ./Src/main.o
                0x0000000008000cc0                main
 .text.Reset_Handler
                0x0000000008000d08       0x50 ./Startup/startup_stm32f103c6tx.o
                0x0000000008000d08                Reset_Handler
 .text.Default_Handler
                0x0000000008000d58        0x2 ./Startup/startup_stm32f103c6tx.o
                0x0000000008000d58                TIM8_TRG_COM_IRQHandler
                0x0000000008000d58                TIM8_CC_IRQHandler
                0x0000000008000d58                DebugMon_Handler
                0x0000000008000d58                TIM1_CC_IRQHandler
                0x0000000008000d58                HardFault_Handler
                0x0000000008000d58                TIM6_IRQHandler
                0x0000000008000d58                SysTick_Handler
                0x0000000008000d58                PVD_IRQHandler
                0x0000000008000d58                SDIO_IRQHandler
                0x0000000008000d58                PendSV_Handler
                0x0000000008000d58                NMI_Handler
                0x0000000008000d58                USB_HP_CAN_TX_IRQHandler
                0x0000000008000d58                I2C2_EV_IRQHandler
                0x0000000008000d58                UsageFault_Handler
                0x0000000008000d58                ADC1_2_IRQHandler
                0x0000000008000d58                CAN_SCE_IRQHandler
                0x0000000008000d58                TAMPER_IRQHandler
                0x0000000008000d58                TIM8_UP_IRQHandler
                0x0000000008000d58                DMA2_Channel2_IRQHandler
                0x0000000008000d58                DMA1_Channel4_IRQHandler
                0x0000000008000d58                RTC_IRQHandler
                0x0000000008000d58                DMA1_Channel7_IRQHandler
                0x0000000008000d58                UART5_IRQHandler
                0x0000000008000d58                ADC3_IRQHandler
                0x0000000008000d58                TIM4_IRQHandler
                0x0000000008000d58                CAN_RX1_IRQHandler
                0x0000000008000d58                DMA2_Channel1_IRQHandler
                0x0000000008000d58                I2C1_EV_IRQHandler
                0x0000000008000d58                DMA1_Channel6_IRQHandler
                0x0000000008000d58                UART4_IRQHandler
                0x0000000008000d58                TIM3_IRQHandler
                0x0000000008000d58                RCC_IRQHandler
                0x0000000008000d58                TIM1_TRG_COM_IRQHandler
                0x0000000008000d58                DMA1_Channel1_IRQHandler
                0x0000000008000d58                Default_Handler
                0x0000000008000d58                TIM7_IRQHandler
                0x0000000008000d58                TIM5_IRQHandler
                0x0000000008000d58                USB_LP_CAN_RX0_IRQHandler
                0x0000000008000d58                MemManage_Handler
                0x0000000008000d58                SVC_Handler
                0x0000000008000d58                DMA1_Channel5_IRQHandler
                0x0000000008000d58                DMA1_Channel3_IRQHandler
                0x0000000008000d58                FSMC_IRQHandler
                0x0000000008000d58                TIM1_UP_IRQHandler
                0x0000000008000d58                WWDG_IRQHandler
                0x0000000008000d58                TIM2_IRQHandler
                0x0000000008000d58                TIM1_BRK_IRQHandler
                0x0000000008000d58                RTCAlarm_IRQHandler
                0x0000000008000d58                DMA2_Channel4_5_IRQHandler
                0x0000000008000d58                I2C2_ER_IRQHandler
                0x0000000008000d58                DMA1_Channel2_IRQHandler
                0x0000000008000d58                TIM8_BRK_IRQHandler
                0x0000000008000d58                FLASH_IRQHandler
                0x0000000008000d58                BusFault_Handler
                0x0000000008000d58                SPI3_IRQHandler
                0x0000000008000d58                I2C1_ER_IRQHandler
                0x0000000008000d58                DMA2_Channel3_IRQHandler
 *fill*         0x0000000008000d5a        0x2 
 .text.__libc_init_array
                0x0000000008000d5c       0x48 c:/st/stm32cubeide_1.4.0/stm32cubeide/plugins/com.st.stm32cube.ide.mcu.externaltools.gnu-tools-for-stm32.10.3-2021.10.win32_1.0.200.202301161003/tools/bin/../lib/gcc/arm-none-eabi/10.3.1/../../../../arm-none-eabi/lib/thumb/v7-m/nofp\libc_nano.a(lib_a-init.o)
                0x0000000008000d5c                __libc_init_array
 *(.glue_7)
 .glue_7        0x0000000008000da4        0x0 linker stubs
 *(.glue_7t)
 .glue_7t       0x0000000008000da4        0x0 linker stubs
 *(.eh_frame)
 .eh_frame      0x0000000008000da4        0x0 c:/st/stm32cubeide_1.4.0/stm32cubeide/plugins/com.st.stm32cube.ide.mcu.externaltools.gnu-tools-for-stm32.10.3-2021.10.win32_1.0.200.202301161003/tools/bin/../lib/gcc/arm-none-eabi/10.3.1/thumb/v7-m/nofp/crtbegin.o
 *(.init)
 .init          0x0000000008000da4        0x4 c:/st/stm32cubeide_1.4.0/stm32cubeide/plugins/com.st.stm32cube.ide.mcu.externaltools.gnu-tools-for-stm32.10.3-2021.10.win32_1.0.200.202301161003/tools/bin/../lib/gcc/arm-none-eabi/10.3.1/thumb/v7-m/nofp/crti.o
                0x0000000008000da4                _init
 .init          0x0000000008000da8        0x8 c:/st/stm32cubeide_1.4.0/stm32cubeide/plugins/com.st.stm32cube.ide.mcu.externaltools.gnu-tools-for-stm32.10.3-2021.10.win32_1.0.200.202301161003/tools/bin/../lib/gcc/arm-none-eabi/10.3.1/thumb/v7-m/nofp/crtn.o
 *(.fini)
 .fini          0x0000000008000db0        0x4 c:/st/stm32cubeide_1.4.0/stm32cubeide/plugins/com.st.stm32cube.ide.mcu.externaltools.gnu-tools-for-stm32.10.3-2021.10.win32_1.0.200.202301161003/tools/bin/../lib/gcc/arm-none-eabi/10.3.1/thumb/v7-m/nofp/crti.o
                0x0000000008000db0                _fini
 .fini          0x0000000008000db4        0x8 c:/st/stm32cubeide_1.4.0/stm32cubeide/plugins/com.st.stm32cube.ide.mcu.externaltools.gnu-tools-for-stm32.10.3-2021.10.win32_1.0.200.202301161003/tools/bin/../lib/gcc/arm-none-eabi/10.3.1/thumb/v7-m/nofp/crtn.o
                0x0000000008000dbc                . = ALIGN (0x4)
                0x0000000008000dbc                _etext = .

.vfp11_veneer   0x0000000008000dbc        0x0
 .vfp11_veneer  0x0000000008000dbc        0x0 linker stubs

.v4_bx          0x0000000008000dbc        0x0
 .v4_bx         0x0000000008000dbc        0x0 linker stubs

.iplt           0x0000000008000dbc        0x0
 .iplt          0x0000000008000dbc        0x0 c:/st/stm32cubeide_1.4.0/stm32cubeide/plugins/com.st.stm32cube.ide.mcu.externaltools.gnu-tools-for-stm32.10.3-2021.10.win32_1.0.200.202301161003/tools/bin/../lib/gcc/arm-none-eabi/10.3.1/thumb/v7-m/nofp/crtbegin.o

.rodata         0x0000000008000dbc       0x28
                0x0000000008000dbc                . = ALIGN (0x4)
 *(.rodata)
 *(.rodata*)
 .rodata.APBPrescTable
                0x0000000008000dbc        0x8 ./STM32F103_C6_Drivers/STM32F103_C6_RCC_Driver.o
                0x0000000008000dbc                APBPrescTable
 .rodata.AHBPrescTable
                0x0000000008000dc4       0x20 ./STM32F103_C6_Drivers/STM32F103_C6_RCC_Driver.o
                0x0000000008000dc4                AHBPrescTable
                0x0000000008000de4                . = ALIGN (0x4)

.rel.dyn        0x0000000008000de4        0x0
 .rel.iplt      0x0000000008000de4        0x0 c:/st/stm32cubeide_1.4.0/stm32cubeide/plugins/com.st.stm32cube.ide.mcu.externaltools.gnu-tools-for-stm32.10.3-2021.10.win32_1.0.200.202301161003/tools/bin/../lib/gcc/arm-none-eabi/10.3.1/thumb/v7-m/nofp/crtbegin.o

.ARM.extab      0x0000000008000de4        0x0
                0x0000000008000de4                . = ALIGN (0x4)
 *(.ARM.extab* .gnu.linkonce.armextab.*)
                0x0000000008000de4                . = ALIGN (0x4)

.ARM            0x0000000008000de4        0x0
                0x0000000008000de4                . = ALIGN (0x4)
                0x0000000008000de4                __exidx_start = .
 *(.ARM.exidx*)
                0x0000000008000de4                __exidx_end = .
                0x0000000008000de4                . = ALIGN (0x4)

.preinit_array  0x0000000008000de4        0x0
                0x0000000008000de4                . = ALIGN (0x4)
                0x0000000008000de4                PROVIDE (__preinit_array_start = .)
 *(.preinit_array*)
                0x0000000008000de4                PROVIDE (__preinit_array_end = .)
                0x0000000008000de4                . = ALIGN (0x4)

.init_array     0x0000000008000de4        0x4
                0x0000000008000de4                . = ALIGN (0x4)
                0x0000000008000de4                PROVIDE (__init_array_start = .)
 *(SORT_BY_NAME(.init_array.*))
 *(.init_array*)
 .init_array    0x0000000008000de4        0x4 c:/st/stm32cubeide_1.4.0/stm32cubeide/plugins/com.st.stm32cube.ide.mcu.externaltools.gnu-tools-for-stm32.10.3-2021.10.win32_1.0.200.202301161003/tools/bin/../lib/gcc/arm-none-eabi/10.3.1/thumb/v7-m/nofp/crtbegin.o
                0x0000000008000de8                PROVIDE (__init_array_end = .)
                0x0000000008000de8                . = ALIGN (0x4)

.fini_array     0x0000000008000de8        0x4
                0x0000000008000de8                . = ALIGN (0x4)
                [!provide]                        PROVIDE (__fini_array_start = .)
 *(SORT_BY_NAME(.fini_array.*))
 *(.fini_array*)
 .fini_array    0x0000000008000de8        0x4 c:/st/stm32cubeide_1.4.0/stm32cubeide/plugins/com.st.stm32cube.ide.mcu.externaltools.gnu-tools-for-stm32.10.3-2021.10.win32_1.0.200.202301161003/tools/bin/../lib/gcc/arm-none-eabi/10.3.1/thumb/v7-m/nofp/crtbegin.o
                [!provide]                        PROVIDE (__fini_array_end = .)
                0x0000000008000dec                . = ALIGN (0x4)
                0x0000000008000dec                _sidata = LOADADDR (.data)

.data           0x0000000020000000        0x0 load address 0x0000000008000dec
                0x0000000020000000                . = ALIGN (0x4)
                0x0000000020000000                _sdata = .
 *(.data)
 *(.data*)
                0x0000000020000000                . = ALIGN (0x4)
                0x0000000020000000                _edata = .

.igot.plt       0x0000000020000000        0x0 load address 0x0000000008000dec
 .igot.plt      0x0000000020000000        0x0 c:/st/stm32cubeide_1.4.0/stm32cubeide/plugins/com.st.stm32cube.ide.mcu.externaltools.gnu-tools-for-stm32.10.3-2021.10.win32_1.0.200.202301161003/tools/bin/../lib/gcc/arm-none-eabi/10.3.1/thumb/v7-m/nofp/crtbegin.o
                0x0000000020000000                . = ALIGN (0x4)

.bss            0x0000000020000000       0x70 load address 0x0000000008000dec
                0x0000000020000000                _sbss = .
                0x0000000020000000                __bss_start__ = _sbss
 *(.bss)
 .bss           0x0000000020000000       0x1c c:/st/stm32cubeide_1.4.0/stm32cubeide/plugins/com.st.stm32cube.ide.mcu.externaltools.gnu-tools-for-stm32.10.3-2021.10.win32_1.0.200.202301161003/tools/bin/../lib/gcc/arm-none-eabi/10.3.1/thumb/v7-m/nofp/crtbegin.o
 *(.bss*)
 .bss.GP_IRQ_CallBack
                0x000000002000001c       0x3c ./STM32F103_C6_Drivers/STM32F103_C6_EXTI_Driver.o
                0x000000002000001c                GP_IRQ_CallBack
 .bss.Global_Temp_Config
                0x0000000020000058        0x8 ./STM32F103_C6_Drivers/STM32F103_C6_SPI_Driver.o
                0x0000000020000058                Global_Temp_Config
 .bss.Global_UART_CONFG
                0x0000000020000060        0xc ./STM32F103_C6_Drivers/STM32F103_C6_UART_Driver.o
                0x0000000020000060                Global_UART_CONFG
 .bss.data      0x000000002000006c        0x2 ./Src/main.o
                0x000000002000006c                data
 *(COMMON)
                0x0000000020000070                . = ALIGN (0x4)
 *fill*         0x000000002000006e        0x2 
                0x0000000020000070                _ebss = .
                0x0000000020000070                __bss_end__ = _ebss

._user_heap_stack
                0x0000000020000070      0x600 load address 0x0000000008000dec
                0x0000000020000070                . = ALIGN (0x8)
                [!provide]                        PROVIDE (end = .)
                0x0000000020000070                PROVIDE (_end = .)
                0x0000000020000270                . = (. + _Min_Heap_Size)
 *fill*         0x0000000020000070      0x200 
                0x0000000020000670                . = (. + _Min_Stack_Size)
 *fill*         0x0000000020000270      0x400 
                0x0000000020000670                . = ALIGN (0x8)

/DISCARD/
 libc.a(*)
 libm.a(*)
 libgcc.a(*)

.ARM.attributes
                0x0000000000000000       0x29
 *(.ARM.attributes)
 .ARM.attributes
                0x0000000000000000       0x1d c:/st/stm32cubeide_1.4.0/stm32cubeide/plugins/com.st.stm32cube.ide.mcu.externaltools.gnu-tools-for-stm32.10.3-2021.10.win32_1.0.200.202301161003/tools/bin/../lib/gcc/arm-none-eabi/10.3.1/thumb/v7-m/nofp/crti.o
 .ARM.attributes
                0x000000000000001d       0x2d c:/st/stm32cubeide_1.4.0/stm32cubeide/plugins/com.st.stm32cube.ide.mcu.externaltools.gnu-tools-for-stm32.10.3-2021.10.win32_1.0.200.202301161003/tools/bin/../lib/gcc/arm-none-eabi/10.3.1/thumb/v7-m/nofp/crtbegin.o
 .ARM.attributes
                0x000000000000004a       0x2d ./STM32F103_C6_Drivers/STM32F103_C6_EXTI_Driver.o
 .ARM.attributes
                0x0000000000000077       0x2d ./STM32F103_C6_Drivers/STM32F103_C6_GPIO_Driver.o
 .ARM.attributes
                0x00000000000000a4       0x2d ./STM32F103_C6_Drivers/STM32F103_C6_RCC_Driver.o
 .ARM.attributes
                0x00000000000000d1       0x2d ./STM32F103_C6_Drivers/STM32F103_C6_SPI_Driver.o
 .ARM.attributes
                0x00000000000000fe       0x2d ./STM32F103_C6_Drivers/STM32F103_C6_UART_Driver.o
 .ARM.attributes
                0x000000000000012b       0x2d ./Src/main.o
 .ARM.attributes
                0x0000000000000158       0x21 ./Startup/startup_stm32f103c6tx.o
 .ARM.attributes
                0x0000000000000179       0x2d c:/st/stm32cubeide_1.4.0/stm32cubeide/plugins/com.st.stm32cube.ide.mcu.externaltools.gnu-tools-for-stm32.10.3-2021.10.win32_1.0.200.202301161003/tools/bin/../lib/gcc/arm-none-eabi/10.3.1/../../../../arm-none-eabi/lib/thumb/v7-m/nofp\libc_nano.a(lib_a-init.o)
 .ARM.attributes
                0x00000000000001a6       0x1d c:/st/stm32cubeide_1.4.0/stm32cubeide/plugins/com.st.stm32cube.ide.mcu.externaltools.gnu-tools-for-stm32.10.3-2021.10.win32_1.0.200.202301161003/tools/bin/../lib/gcc/arm-none-eabi/10.3.1/thumb/v7-m/nofp/crtn.o
OUTPUT(Drivers.elf elf32-littlearm)
LOAD linker stubs
LOAD c:/st/stm32cubeide_1.4.0/stm32cubeide/plugins/com.st.stm32cube.ide.mcu.externaltools.gnu-tools-for-stm32.10.3-2021.10.win32_1.0.200.202301161003/tools/bin/../lib/gcc/arm-none-eabi/10.3.1/../../../../arm-none-eabi/lib/thumb/v7-m/nofp\libc.a
LOAD c:/st/stm32cubeide_1.4.0/stm32cubeide/plugins/com.st.stm32cube.ide.mcu.externaltools.gnu-tools-for-stm32.10.3-2021.10.win32_1.0.200.202301161003/tools/bin/../lib/gcc/arm-none-eabi/10.3.1/../../../../arm-none-eabi/lib/thumb/v7-m/nofp\libm.a
LOAD c:/st/stm32cubeide_1.4.0/stm32cubeide/plugins/com.st.stm32cube.ide.mcu.externaltools.gnu-tools-for-stm32.10.3-2021.10.win32_1.0.200.202301161003/tools/bin/../lib/gcc/arm-none-eabi/10.3.1/thumb/v7-m/nofp\libgcc.a

.debug_info     0x0000000000000000     0x1c5b
 .debug_info    0x0000000000000000      0x50a ./STM32F103_C6_Drivers/STM32F103_C6_EXTI_Driver.o
 .debug_info    0x000000000000050a      0x4b7 ./STM32F103_C6_Drivers/STM32F103_C6_GPIO_Driver.o
 .debug_info    0x00000000000009c1      0x25e ./STM32F103_C6_Drivers/STM32F103_C6_RCC_Driver.o
 .debug_info    0x0000000000000c1f      0x68d ./STM32F103_C6_Drivers/STM32F103_C6_SPI_Driver.o
 .debug_info    0x00000000000012ac      0x5d2 ./STM32F103_C6_Drivers/STM32F103_C6_UART_Driver.o
 .debug_info    0x000000000000187e      0x3bb ./Src/main.o
 .debug_info    0x0000000000001c39       0x22 ./Startup/startup_stm32f103c6tx.o

.debug_abbrev   0x0000000000000000      0x8cd
 .debug_abbrev  0x0000000000000000      0x1ab ./STM32F103_C6_Drivers/STM32F103_C6_EXTI_Driver.o
 .debug_abbrev  0x00000000000001ab      0x151 ./STM32F103_C6_Drivers/STM32F103_C6_GPIO_Driver.o
 .debug_abbrev  0x00000000000002fc       0xda ./STM32F103_C6_Drivers/STM32F103_C6_RCC_Driver.o
 .debug_abbrev  0x00000000000003d6      0x1f4 ./STM32F103_C6_Drivers/STM32F103_C6_SPI_Driver.o
 .debug_abbrev  0x00000000000005ca      0x1bb ./STM32F103_C6_Drivers/STM32F103_C6_UART_Driver.o
 .debug_abbrev  0x0000000000000785      0x136 ./Src/main.o
 .debug_abbrev  0x00000000000008bb       0x12 ./Startup/startup_stm32f103c6tx.o

.debug_loc      0x0000000000000000      0xd1c
 .debug_loc     0x0000000000000000      0x2d0 ./STM32F103_C6_Drivers/STM32F103_C6_EXTI_Driver.o
 .debug_loc     0x00000000000002d0      0x38c ./STM32F103_C6_Drivers/STM32F103_C6_GPIO_Driver.o
 .debug_loc     0x000000000000065c       0xc8 ./STM32F103_C6_Drivers/STM32F103_C6_RCC_Driver.o
 .debug_loc     0x0000000000000724      0x2bc ./STM32F103_C6_Drivers/STM32F103_C6_SPI_Driver.o
 .debug_loc     0x00000000000009e0      0x294 ./STM32F103_C6_Drivers/STM32F103_C6_UART_Driver.o
 .debug_loc     0x0000000000000c74       0xa8 ./Src/main.o

.debug_aranges  0x0000000000000000      0x228
 .debug_aranges
                0x0000000000000000       0x78 ./STM32F103_C6_Drivers/STM32F103_C6_EXTI_Driver.o
 .debug_aranges
                0x0000000000000078       0x68 ./STM32F103_C6_Drivers/STM32F103_C6_GPIO_Driver.o
 .debug_aranges
                0x00000000000000e0       0x38 ./STM32F103_C6_Drivers/STM32F103_C6_RCC_Driver.o
 .debug_aranges
                0x0000000000000118       0x58 ./STM32F103_C6_Drivers/STM32F103_C6_SPI_Driver.o
 .debug_aranges
                0x0000000000000170       0x60 ./STM32F103_C6_Drivers/STM32F103_C6_UART_Driver.o
 .debug_aranges
                0x00000000000001d0       0x30 ./Src/main.o
 .debug_aranges
                0x0000000000000200       0x28 ./Startup/startup_stm32f103c6tx.o

.debug_ranges   0x0000000000000000      0x1c0
 .debug_ranges  0x0000000000000000       0x68 ./STM32F103_C6_Drivers/STM32F103_C6_EXTI_Driver.o
 .debug_ranges  0x0000000000000068       0x58 ./STM32F103_C6_Drivers/STM32F103_C6_GPIO_Driver.o
 .debug_ranges  0x00000000000000c0       0x28 ./STM32F103_C6_Drivers/STM32F103_C6_RCC_Driver.o
 .debug_ranges  0x00000000000000e8       0x48 ./STM32F103_C6_Drivers/STM32F103_C6_SPI_Driver.o
 .debug_ranges  0x0000000000000130       0x50 ./STM32F103_C6_Drivers/STM32F103_C6_UART_Driver.o
 .debug_ranges  0x0000000000000180       0x20 ./Src/main.o
 .debug_ranges  0x00000000000001a0       0x20 ./Startup/startup_stm32f103c6tx.o

.debug_macro    0x0000000000000000     0x109c
 .debug_macro   0x0000000000000000      0x1fd ./STM32F103_C6_Drivers/STM32F103_C6_EXTI_Driver.o
 .debug_macro   0x00000000000001fd       0x5e ./STM32F103_C6_Drivers/STM32F103_C6_EXTI_Driver.o
 .debug_macro   0x000000000000025b      0x229 ./STM32F103_C6_Drivers/STM32F103_C6_EXTI_Driver.o
 .debug_macro   0x0000000000000484      0x1ee ./STM32F103_C6_Drivers/STM32F103_C6_GPIO_Driver.o
 .debug_macro   0x0000000000000672      0x1f2 ./STM32F103_C6_Drivers/STM32F103_C6_RCC_Driver.o
 .debug_macro   0x0000000000000864       0x10 ./STM32F103_C6_Drivers/STM32F103_C6_RCC_Driver.o
 .debug_macro   0x0000000000000874      0x21e ./STM32F103_C6_Drivers/STM32F103_C6_SPI_Driver.o
 .debug_macro   0x0000000000000a92       0xbe ./STM32F103_C6_Drivers/STM32F103_C6_SPI_Driver.o
 .debug_macro   0x0000000000000b50      0x224 ./STM32F103_C6_Drivers/STM32F103_C6_UART_Driver.o
 .debug_macro   0x0000000000000d74       0xe2 ./STM32F103_C6_Drivers/STM32F103_C6_UART_Driver.o
 .debug_macro   0x0000000000000e56       0x16 ./STM32F103_C6_Drivers/STM32F103_C6_UART_Driver.o
 .debug_macro   0x0000000000000e6c      0x230 ./Src/main.o

.debug_line     0x0000000000000000     0x3310
 .debug_line    0x0000000000000000      0xa24 ./STM32F103_C6_Drivers/STM32F103_C6_EXTI_Driver.o
 .debug_line    0x0000000000000a24      0x828 ./STM32F103_C6_Drivers/STM32F103_C6_GPIO_Driver.o
 .debug_line    0x000000000000124c      0x6a1 ./STM32F103_C6_Drivers/STM32F103_C6_RCC_Driver.o
 .debug_line    0x00000000000018ed      0x919 ./STM32F103_C6_Drivers/STM32F103_C6_SPI_Driver.o
 .debug_line    0x0000000000002206      0x9ca ./STM32F103_C6_Drivers/STM32F103_C6_UART_Driver.o
 .debug_line    0x0000000000002bd0      0x6bc ./Src/main.o
 .debug_line    0x000000000000328c       0x84 ./Startup/startup_stm32f103c6tx.o

.debug_str      0x0000000000000000     0xb38c
 .debug_str     0x0000000000000000     0xa14a ./STM32F103_C6_Drivers/STM32F103_C6_EXTI_Driver.o
                                       0xa362 (size before relaxing)
 .debug_str     0x000000000000a14a      0x148 ./STM32F103_C6_Drivers/STM32F103_C6_GPIO_Driver.o
                                       0x8fb0 (size before relaxing)
 .debug_str     0x000000000000a292       0xf3 ./STM32F103_C6_Drivers/STM32F103_C6_RCC_Driver.o
                                       0x8d82 (size before relaxing)
 .debug_str     0x000000000000a385      0x783 ./STM32F103_C6_Drivers/STM32F103_C6_SPI_Driver.o
                                       0x96a2 (size before relaxing)
 .debug_str     0x000000000000ab08      0x81d ./STM32F103_C6_Drivers/STM32F103_C6_UART_Driver.o
                                       0x975a (size before relaxing)
 .debug_str     0x000000000000b325       0x36 ./Src/main.o
                                       0xadea (size before relaxing)
 .debug_str     0x000000000000b35b       0x31 ./Startup/startup_stm32f103c6tx.o
                                         0x6c (size before relaxing)

.comment        0x0000000000000000       0x50
 .comment       0x0000000000000000       0x50 ./STM32F103_C6_Drivers/STM32F103_C6_EXTI_Driver.o
                                         0x51 (size before relaxing)
 .comment       0x0000000000000050       0x51 ./STM32F103_C6_Drivers/STM32F103_C6_GPIO_Driver.o
 .comment       0x0000000000000050       0x51 ./STM32F103_C6_Drivers/STM32F103_C6_RCC_Driver.o
 .comment       0x0000000000000050       0x51 ./STM32F103_C6_Drivers/STM32F103_C6_SPI_Driver.o
 .comment       0x0000000000000050       0x51 ./STM32F103_C6_Drivers/STM32F103_C6_UART_Driver.o
 .comment       0x0000000000000050       0x51 ./Src/main.o

.debug_frame    0x0000000000000000      0x6d8
 .debug_frame   0x0000000000000000      0x18c ./STM32F103_C6_Drivers/STM32F103_C6_EXTI_Driver.o
 .debug_frame   0x000000000000018c      0x1a0 ./STM32F103_C6_Drivers/STM32F103_C6_GPIO_Driver.o
 .debug_frame   0x000000000000032c       0x84 ./STM32F103_C6_Drivers/STM32F103_C6_RCC_Driver.o
 .debug_frame   0x00000000000003b0      0x144 ./STM32F103_C6_Drivers/STM32F103_C6_SPI_Driver.o
 .debug_frame   0x00000000000004f4      0x14c ./STM32F103_C6_Drivers/STM32F103_C6_UART_Driver.o
 .debug_frame   0x0000000000000640       0x6c ./Src/main.o
 .debug_frame   0x00000000000006ac       0x2c c:/st/stm32cubeide_1.4.0/stm32cubeide/plugins/com.st.stm32cube.ide.mcu.externaltools.gnu-tools-for-stm32.10.3-2021.10.win32_1.0.200.202301161003/tools/bin/../lib/gcc/arm-none-eabi/10.3.1/../../../../arm-none-eabi/lib/thumb/v7-m/nofp\libc_nano.a(lib_a-init.o)
