
Allocating common symbols
Common symbol       size              file

ptrAlarm            0x4               alarmMonitor.o
ptrValue            0x4               pressureSensor.o

Memory Configuration

Name             Origin             Length             Attributes
FLASH            0x08000000         0x00020000         xr
SRAM             0x20000000         0x00005000         xrw
*default*        0x00000000         0xffffffff

Linker script and memory map


.text           0x08000000      0x2b0
 *(.vectors*)
 .vectors       0x08000000       0x1c startup.o
                0x08000000                vectors
 *(.text*)
 .text          0x0800001c       0x90 startup.o
                0x0800001c                NMI_handler
                0x0800001c                Bus_fault_handler
                0x0800001c                Usage_fault_handler
                0x0800001c                MM_fault_handler
                0x0800001c                H_fault_handler
                0x0800001c                Default_handler
                0x08000028                reset_handler
 .text          0x080000ac       0x5c main.o
                0x080000ac                setup
                0x080000d4                main
 .text          0x08000108       0x50 pressureSensor.o
                0x08000108                pressureInit
                0x08000116                pressure_value
                0x0800014c                HighPressure_detected
 .text          0x08000158       0xc4 driver.o
                0x08000158                Delay
                0x08000178                getPressureVal
                0x08000190                Set_Alarm_actuator
                0x080001cc                GPIO_INITIALIZATION
 .text          0x0800021c        0x0 pressureController.o
 .text          0x0800021c       0x30 alarmActuator.o
                0x0800021c                StartAlarm
                0x0800023c                StopAlarm
 .text          0x0800024c       0x64 alarmMonitor.o
                0x0800024c                alarminit
                0x0800025a                setAlarm
                0x08000274                startAlarm
                0x080002a0                stopAlarm
                0x080002b0                _E_TEXT = .

.glue_7         0x080002b0        0x0
 .glue_7        0x080002b0        0x0 linker stubs

.glue_7t        0x080002b0        0x0
 .glue_7t       0x080002b0        0x0 linker stubs

.vfp11_veneer   0x080002b0        0x0
 .vfp11_veneer  0x080002b0        0x0 linker stubs

.v4_bx          0x080002b0        0x0
 .v4_bx         0x080002b0        0x0 linker stubs

.iplt           0x080002b0        0x0
 .iplt          0x080002b0        0x0 startup.o

.rel.dyn        0x080002b0        0x0
 .rel.iplt      0x080002b0        0x0 startup.o

.data           0x080002b0        0x0
                0x080002b0                _S_DATA = .
 *(.data)
 .data          0x080002b0        0x0 startup.o
 .data          0x080002b0        0x0 main.o
 .data          0x080002b0        0x0 pressureSensor.o
 .data          0x080002b0        0x0 driver.o
 .data          0x080002b0        0x0 pressureController.o
 .data          0x080002b0        0x0 alarmActuator.o
 .data          0x080002b0        0x0 alarmMonitor.o
 *(.rodata*)
                0x080002b0                . = ALIGN (0x4)
                0x080002b0                _E_DATA = .

.igot.plt       0x080002b0        0x0
 .igot.plt      0x080002b0        0x0 startup.o

.bss            0x20000000     0x100c
                0x20000000                . = ALIGN (0x4)
                0x20000000                _S_BSS = .
 *(.bss)
 .bss           0x20000000        0x0 startup.o
 .bss           0x20000000        0x0 main.o
 .bss           0x20000000        0x4 pressureSensor.o
                0x20000000                Pval
 .bss           0x20000004        0x0 driver.o
 .bss           0x20000004        0x0 pressureController.o
 .bss           0x20000004        0x0 alarmActuator.o
 .bss           0x20000004        0x0 alarmMonitor.o
                0x20000004                _E_BSS = .
                0x20000004                . = ALIGN (0x4)
                0x20001004                . = (. + 0x1000)
 *fill*         0x20000004     0x1000 
                0x20001004                stack_top = .
 COMMON         0x20001004        0x0 main.o
 COMMON         0x20001004        0x4 pressureSensor.o
                0x20001004                ptrValue
 COMMON         0x20001008        0x4 alarmMonitor.o
                0x20001008                ptrAlarm
LOAD startup.o
LOAD main.o
LOAD pressureSensor.o
LOAD driver.o
LOAD pressureController.o
LOAD alarmActuator.o
LOAD alarmMonitor.o
OUTPUT(Project_1.elf elf32-littlearm)

.debug_info     0x00000000     0x3cfc
 .debug_info    0x00000000      0x1b4 startup.o
 .debug_info    0x000001b4      0x9dc main.o
 .debug_info    0x00000b90      0xa0e pressureSensor.o
 .debug_info    0x0000159e      0xa05 driver.o
 .debug_info    0x00001fa3      0x994 pressureController.o
 .debug_info    0x00002937      0x9c8 alarmActuator.o
 .debug_info    0x000032ff      0x9fd alarmMonitor.o

.debug_abbrev   0x00000000      0xb26
 .debug_abbrev  0x00000000       0xd8 startup.o
 .debug_abbrev  0x000000d8      0x1bc main.o
 .debug_abbrev  0x00000294      0x1f0 pressureSensor.o
 .debug_abbrev  0x00000484      0x1de driver.o
 .debug_abbrev  0x00000662      0x179 pressureController.o
 .debug_abbrev  0x000007db      0x195 alarmActuator.o
 .debug_abbrev  0x00000970      0x1b6 alarmMonitor.o

.debug_loc      0x00000000      0x3f4
 .debug_loc     0x00000000       0x7c startup.o
 .debug_loc     0x0000007c       0x70 main.o
 .debug_loc     0x000000ec       0xa8 pressureSensor.o
 .debug_loc     0x00000194      0x140 driver.o
 .debug_loc     0x000002d4       0x58 alarmActuator.o
 .debug_loc     0x0000032c       0xc8 alarmMonitor.o

.debug_aranges  0x00000000       0xd8
 .debug_aranges
                0x00000000       0x20 startup.o
 .debug_aranges
                0x00000020       0x20 main.o
 .debug_aranges
                0x00000040       0x20 pressureSensor.o
 .debug_aranges
                0x00000060       0x20 driver.o
 .debug_aranges
                0x00000080       0x18 pressureController.o
 .debug_aranges
                0x00000098       0x20 alarmActuator.o
 .debug_aranges
                0x000000b8       0x20 alarmMonitor.o

.debug_line     0x00000000      0x981
 .debug_line    0x00000000      0x13c startup.o
 .debug_line    0x0000013c      0x163 main.o
 .debug_line    0x0000029f      0x157 pressureSensor.o
 .debug_line    0x000003f6      0x1b9 driver.o
 .debug_line    0x000005af      0x12a pressureController.o
 .debug_line    0x000006d9      0x151 alarmActuator.o
 .debug_line    0x0000082a      0x157 alarmMonitor.o

.debug_str      0x00000000      0x67e
 .debug_str     0x00000000      0x192 startup.o
                                0x1d7 (size before relaxing)
 .debug_str     0x00000192      0x3ec main.o
                                0x540 (size before relaxing)
 .debug_str     0x0000057e       0x43 pressureSensor.o
                                0x571 (size before relaxing)
 .debug_str     0x000005c1       0x4c driver.o
                                0x577 (size before relaxing)
 .debug_str     0x0000060d       0x15 pressureController.o
                                0x53e (size before relaxing)
 .debug_str     0x00000622       0x25 alarmActuator.o
                                0x54e (size before relaxing)
 .debug_str     0x00000647       0x37 alarmMonitor.o
                                0x560 (size before relaxing)

.comment        0x00000000       0x7e
 .comment       0x00000000       0x7e startup.o
                                 0x7f (size before relaxing)
 .comment       0x0000007e       0x7f main.o
 .comment       0x0000007e       0x7f pressureSensor.o
 .comment       0x0000007e       0x7f driver.o
 .comment       0x0000007e       0x7f pressureController.o
 .comment       0x0000007e       0x7f alarmActuator.o
 .comment       0x0000007e       0x7f alarmMonitor.o

.ARM.attributes
                0x00000000       0x33
 .ARM.attributes
                0x00000000       0x33 startup.o
 .ARM.attributes
                0x00000033       0x33 main.o
 .ARM.attributes
                0x00000066       0x33 pressureSensor.o
 .ARM.attributes
                0x00000099       0x33 driver.o
 .ARM.attributes
                0x000000cc       0x33 pressureController.o
 .ARM.attributes
                0x000000ff       0x33 alarmActuator.o
 .ARM.attributes
                0x00000132       0x33 alarmMonitor.o

.debug_frame    0x00000000      0x274
 .debug_frame   0x00000000       0x50 startup.o
 .debug_frame   0x00000050       0x4c main.o
 .debug_frame   0x0000009c       0x6c pressureSensor.o
 .debug_frame   0x00000108       0xa0 driver.o
 .debug_frame   0x000001a8       0x48 alarmActuator.o
 .debug_frame   0x000001f0       0x84 alarmMonitor.o
