
Memory Configuration

Name             Origin             Length             Attributes
FLASH            0x08000000         0x00020000         xr
SRAM             0x20000000         0x00005000         xrw
*default*        0x00000000         0xffffffff

Linker script and memory map


.text           0x08000000      0x140
 *(.vectors*)
 .vectors       0x08000000       0x1c startup.o
                0x08000000                vectors
 *(.text*)
 .text          0x0800001c       0x90 startup.o
                0x0800001c                NMI_handler
                0x0800001c                Usage_fault_handler
                0x0800001c                MM_fault_handler
                0x0800001c                Default_handler
                0x08000028                reset_handler
 .text          0x080000ac       0x94 main.o
                0x080000ac                H_fault_handler
                0x080000b8                Bus_fault_handler
                0x080000c4                main
 *(.rodata)
                0x08000140                _E_TEXT = .

.glue_7         0x08000140        0x0
 .glue_7        0x08000140        0x0 linker stubs

.glue_7t        0x08000140        0x0
 .glue_7t       0x08000140        0x0 linker stubs

.vfp11_veneer   0x08000140        0x0
 .vfp11_veneer  0x08000140        0x0 linker stubs

.v4_bx          0x08000140        0x0
 .v4_bx         0x08000140        0x0 linker stubs

.iplt           0x08000140        0x0
 .iplt          0x08000140        0x0 startup.o

.rel.dyn        0x08000140        0x0
 .rel.iplt      0x08000140        0x0 startup.o

.data           0x08000140        0x4
                0x08000140                _S_DATA = .
 *(.data)
 .data          0x08000140        0x0 startup.o
 .data          0x08000140        0x4 main.o
                0x08000140                R_ODR
                0x08000144                _E_DATA = .

.igot.plt       0x08000144        0x0
 .igot.plt      0x08000144        0x0 startup.o

.bss            0x20000000     0x1000
                0x20000000                _S_BSS = .
 *(.bss)
 .bss           0x20000000        0x0 startup.o
 .bss           0x20000000        0x0 main.o
                0x20000000                . = ALIGN (0x4)
                0x20000000                _E_BSS = .
                0x20000000                . = ALIGN (0x4)
                0x20001000                . = (. + 0x1000)
 *fill*         0x20000000     0x1000 
                0x20001000                _stack_top = .
LOAD startup.o
LOAD main.o
OUTPUT(lab3.elf elf32-littlearm)

.debug_info     0x00000000      0x333
 .debug_info    0x00000000      0x1b4 startup.o
 .debug_info    0x000001b4      0x17f main.o

.debug_abbrev   0x00000000      0x1d0
 .debug_abbrev  0x00000000       0xd8 startup.o
 .debug_abbrev  0x000000d8       0xf8 main.o

.debug_loc      0x00000000      0x13c
 .debug_loc     0x00000000       0x7c startup.o
 .debug_loc     0x0000007c       0xc0 main.o

.debug_aranges  0x00000000       0x40
 .debug_aranges
                0x00000000       0x20 startup.o
 .debug_aranges
                0x00000020       0x20 main.o

.debug_line     0x00000000      0x26d
 .debug_line    0x00000000      0x13c startup.o
 .debug_line    0x0000013c      0x131 main.o

.debug_str      0x00000000      0x1df
 .debug_str     0x00000000      0x180 startup.o
                                0x1cf (size before relaxing)
 .debug_str     0x00000180       0x5f main.o
                                0x194 (size before relaxing)

.comment        0x00000000       0x7e
 .comment       0x00000000       0x7e startup.o
                                 0x7f (size before relaxing)
 .comment       0x0000007e       0x7f main.o

.ARM.attributes
                0x00000000       0x33
 .ARM.attributes
                0x00000000       0x33 startup.o
 .ARM.attributes
                0x00000033       0x33 main.o

.debug_frame    0x00000000       0xbc
 .debug_frame   0x00000000       0x50 startup.o
 .debug_frame   0x00000050       0x6c main.o
